2026-07-28T15:57:27.698881Z [info     ] Iniciando ingesta Bronze       layer=bronze module_name=lakehouse.pipeline.ingestion run_id=run_20260728_155727
2026-07-28T15:57:28.041615Z [info     ] Total pages detected: 104      layer=bronze module_name=lakehouse.pipeline.scraper
2026-07-28T15:57:28.042018Z [info     ] Page 1: 9 articles             layer=bronze module_name=lakehouse.pipeline.scraper
2026-07-28T15:57:28.207536Z [info     ] Page 2: 9 articles             layer=bronze module_name=lakehouse.pipeline.scraper
2026-07-28T15:57:28.377406Z [info     ] Page 3: 9 articles             layer=bronze module_name=lakehouse.pipeline.scraper
2026-07-28T15:57:28.596283Z [info     ] Page 4: 9 articles             layer=bronze module_name=lakehouse.pipeline.scraper
2026-07-28T15:57:28.894162Z [info     ] Page 5: 9 articles             layer=bronze module_name=lakehouse.pipeline.scraper
2026-07-28T15:57:29.060920Z [info     ] Page 6: 9 articles             layer=bronze module_name=lakehouse.pipeline.scraper
2026-07-28T15:57:29.229222Z [info     ] Page 7: 9 articles             layer=bronze module_name=lakehouse.pipeline.scraper
2026-07-28T15:57:29.419129Z [info     ] Page 8: 9 articles             layer=bronze module_name=lakehouse.pipeline.scraper
2026-07-28T15:57:29.590992Z [info     ] Page 9: 9 articles             layer=bronze module_name=lakehouse.pipeline.scraper
2026-07-28T15:57:29.892878Z [info     ] Page 10: 9 articles            layer=bronze module_name=lakehouse.pipeline.scraper
2026-07-28T15:57:30.068144Z [info     ] Page 11: 9 articles            layer=bronze module_name=lakehouse.pipeline.scraper
2026-07-28T15:57:30.251834Z [info     ] Page 12: 9 articles            layer=bronze module_name=lakehouse.pipeline.scraper
2026-07-28T15:57:30.441526Z [info     ] Page 13: 9 articles            layer=bronze module_name=lakehouse.pipeline.scraper
2026-07-28T15:57:30.617748Z [info     ] Page 14: 9 articles            layer=bronze module_name=lakehouse.pipeline.scraper
2026-07-28T15:57:30.797173Z [info     ] Page 15: 9 articles            layer=bronze module_name=lakehouse.pipeline.scraper
2026-07-28T15:57:30.964470Z [info     ] Page 16: 9 articles            layer=bronze module_name=lakehouse.pipeline.scraper
2026-07-28T15:57:31.131262Z [info     ] Page 17: 9 articles            layer=bronze module_name=lakehouse.pipeline.scraper
2026-07-28T15:57:31.306573Z [info     ] Page 18: 9 articles            layer=bronze module_name=lakehouse.pipeline.scraper
2026-07-28T15:57:31.479707Z [info     ] Page 19: 9 articles            layer=bronze module_name=lakehouse.pipeline.scraper
2026-07-28T15:57:31.657040Z [info     ] Page 20: 9 articles            layer=bronze module_name=lakehouse.pipeline.scraper
2026-07-28T15:57:31.827713Z [info     ] Page 21: 9 articles            layer=bronze module_name=lakehouse.pipeline.scraper
2026-07-28T15:57:31.993917Z [info     ] Page 22: 9 articles            layer=bronze module_name=lakehouse.pipeline.scraper
2026-07-28T15:57:32.157012Z [info     ] Page 23: 9 articles            layer=bronze module_name=lakehouse.pipeline.scraper
2026-07-28T15:57:32.332742Z [info     ] Page 24: 9 articles            layer=bronze module_name=lakehouse.pipeline.scraper
2026-07-28T15:57:32.603056Z [info     ] Page 25: 9 articles            layer=bronze module_name=lakehouse.pipeline.scraper
2026-07-28T15:57:32.770967Z [info     ] Page 26: 9 articles            layer=bronze module_name=lakehouse.pipeline.scraper
2026-07-28T15:57:32.949494Z [info     ] Page 27: 9 articles            layer=bronze module_name=lakehouse.pipeline.scraper
2026-07-28T15:57:33.121031Z [info     ] Page 28: 9 articles            layer=bronze module_name=lakehouse.pipeline.scraper
2026-07-28T15:57:33.393976Z [info     ] Page 29: 9 articles            layer=bronze module_name=lakehouse.pipeline.scraper
2026-07-28T15:57:33.574869Z [info     ] Page 30: 9 articles            layer=bronze module_name=lakehouse.pipeline.scraper
2026-07-28T15:57:33.747423Z [info     ] Page 31: 9 articles            layer=bronze module_name=lakehouse.pipeline.scraper
2026-07-28T15:57:34.026555Z [info     ] Page 32: 9 articles            layer=bronze module_name=lakehouse.pipeline.scraper
2026-07-28T15:57:34.204045Z [info     ] Page 33: 9 articles            layer=bronze module_name=lakehouse.pipeline.scraper
2026-07-28T15:57:34.376756Z [info     ] Page 34: 9 articles            layer=bronze module_name=lakehouse.pipeline.scraper
2026-07-28T15:57:34.549807Z [info     ] Page 35: 9 articles            layer=bronze module_name=lakehouse.pipeline.scraper
2026-07-28T15:57:34.849725Z [info     ] Page 36: 9 articles            layer=bronze module_name=lakehouse.pipeline.scraper
2026-07-28T15:57:35.015487Z [info     ] Page 37: 9 articles            layer=bronze module_name=lakehouse.pipeline.scraper
2026-07-28T15:57:35.191445Z [info     ] Page 38: 9 articles            layer=bronze module_name=lakehouse.pipeline.scraper
2026-07-28T15:57:35.362135Z [info     ] Page 39: 9 articles            layer=bronze module_name=lakehouse.pipeline.scraper
2026-07-28T15:57:35.540024Z [info     ] Page 40: 9 articles            layer=bronze module_name=lakehouse.pipeline.scraper
2026-07-28T15:57:35.715164Z [info     ] Page 41: 9 articles            layer=bronze module_name=lakehouse.pipeline.scraper
2026-07-28T15:57:35.885358Z [info     ] Page 42: 9 articles            layer=bronze module_name=lakehouse.pipeline.scraper
2026-07-28T15:57:36.050992Z [info     ] Page 43: 9 articles            layer=bronze module_name=lakehouse.pipeline.scraper
2026-07-28T15:57:36.222714Z [info     ] Page 44: 9 articles            layer=bronze module_name=lakehouse.pipeline.scraper
2026-07-28T15:57:36.398002Z [info     ] Page 45: 9 articles            layer=bronze module_name=lakehouse.pipeline.scraper
2026-07-28T15:57:36.569351Z [info     ] Page 46: 9 articles            layer=bronze module_name=lakehouse.pipeline.scraper
2026-07-28T15:57:36.737671Z [info     ] Page 47: 9 articles            layer=bronze module_name=lakehouse.pipeline.scraper
2026-07-28T15:57:36.925435Z [info     ] Page 48: 9 articles            layer=bronze module_name=lakehouse.pipeline.scraper
2026-07-28T15:57:37.089662Z [info     ] Page 49: 9 articles            layer=bronze module_name=lakehouse.pipeline.scraper
2026-07-28T15:57:37.282981Z [info     ] Page 50: 9 articles            layer=bronze module_name=lakehouse.pipeline.scraper
2026-07-28T15:57:37.498020Z [info     ] Page 51: 9 articles            layer=bronze module_name=lakehouse.pipeline.scraper
2026-07-28T15:57:37.659311Z [info     ] Page 52: 9 articles            layer=bronze module_name=lakehouse.pipeline.scraper
2026-07-28T15:57:37.819895Z [info     ] Page 53: 9 articles            layer=bronze module_name=lakehouse.pipeline.scraper
2026-07-28T15:57:37.983146Z [info     ] Page 54: 9 articles            layer=bronze module_name=lakehouse.pipeline.scraper
2026-07-28T15:57:38.152912Z [info     ] Page 55: 9 articles            layer=bronze module_name=lakehouse.pipeline.scraper
2026-07-28T15:57:38.319155Z [info     ] Page 56: 9 articles            layer=bronze module_name=lakehouse.pipeline.scraper
2026-07-28T15:57:38.482103Z [info     ] Page 57: 9 articles            layer=bronze module_name=lakehouse.pipeline.scraper
2026-07-28T15:57:38.776582Z [info     ] Page 58: 9 articles            layer=bronze module_name=lakehouse.pipeline.scraper
2026-07-28T15:57:38.940554Z [info     ] Page 59: 9 articles            layer=bronze module_name=lakehouse.pipeline.scraper
2026-07-28T15:57:39.152770Z [info     ] Page 60: 9 articles            layer=bronze module_name=lakehouse.pipeline.scraper
2026-07-28T15:57:39.326685Z [info     ] Page 61: 9 articles            layer=bronze module_name=lakehouse.pipeline.scraper
2026-07-28T15:57:39.512942Z [info     ] Page 62: 9 articles            layer=bronze module_name=lakehouse.pipeline.scraper
2026-07-28T15:57:39.687745Z [info     ] Page 63: 9 articles            layer=bronze module_name=lakehouse.pipeline.scraper
2026-07-28T15:57:39.883086Z [info     ] Page 64: 9 articles            layer=bronze module_name=lakehouse.pipeline.scraper
2026-07-28T15:57:40.045701Z [info     ] Page 65: 9 articles            layer=bronze module_name=lakehouse.pipeline.scraper
2026-07-28T15:57:40.214548Z [info     ] Page 66: 9 articles            layer=bronze module_name=lakehouse.pipeline.scraper
2026-07-28T15:57:40.504805Z [info     ] Page 67: 9 articles            layer=bronze module_name=lakehouse.pipeline.scraper
2026-07-28T15:57:40.670674Z [info     ] Page 68: 9 articles            layer=bronze module_name=lakehouse.pipeline.scraper
2026-07-28T15:57:40.826530Z [info     ] Page 69: 9 articles            layer=bronze module_name=lakehouse.pipeline.scraper
2026-07-28T15:57:40.991609Z [info     ] Page 70: 9 articles            layer=bronze module_name=lakehouse.pipeline.scraper
2026-07-28T15:57:41.228592Z [info     ] Page 71: 9 articles            layer=bronze module_name=lakehouse.pipeline.scraper
2026-07-28T15:57:41.393753Z [info     ] Page 72: 9 articles            layer=bronze module_name=lakehouse.pipeline.scraper
2026-07-28T15:57:41.650726Z [info     ] Page 73: 9 articles            layer=bronze module_name=lakehouse.pipeline.scraper
2026-07-28T15:57:42.173151Z [info     ] Page 74: 9 articles            layer=bronze module_name=lakehouse.pipeline.scraper
2026-07-28T15:57:42.338649Z [info     ] Page 75: 9 articles            layer=bronze module_name=lakehouse.pipeline.scraper
2026-07-28T15:57:42.497365Z [info     ] Page 76: 9 articles            layer=bronze module_name=lakehouse.pipeline.scraper
2026-07-28T15:57:42.841325Z [info     ] Page 77: 9 articles            layer=bronze module_name=lakehouse.pipeline.scraper
2026-07-28T15:57:43.005728Z [info     ] Page 78: 9 articles            layer=bronze module_name=lakehouse.pipeline.scraper
2026-07-28T15:57:43.301654Z [info     ] Page 79: 9 articles            layer=bronze module_name=lakehouse.pipeline.scraper
2026-07-28T15:57:43.466231Z [info     ] Page 80: 9 articles            layer=bronze module_name=lakehouse.pipeline.scraper
2026-07-28T15:57:43.638535Z [info     ] Page 81: 9 articles            layer=bronze module_name=lakehouse.pipeline.scraper
2026-07-28T15:57:43.803884Z [info     ] Page 82: 9 articles            layer=bronze module_name=lakehouse.pipeline.scraper
2026-07-28T15:57:43.965483Z [info     ] Page 83: 9 articles            layer=bronze module_name=lakehouse.pipeline.scraper
2026-07-28T15:57:44.173288Z [info     ] Page 84: 9 articles            layer=bronze module_name=lakehouse.pipeline.scraper
2026-07-28T15:57:44.341119Z [info     ] Page 85: 9 articles            layer=bronze module_name=lakehouse.pipeline.scraper
2026-07-28T15:57:44.507614Z [info     ] Page 86: 9 articles            layer=bronze module_name=lakehouse.pipeline.scraper
2026-07-28T15:57:44.669775Z [info     ] Page 87: 9 articles            layer=bronze module_name=lakehouse.pipeline.scraper
2026-07-28T15:57:44.842314Z [info     ] Page 88: 9 articles            layer=bronze module_name=lakehouse.pipeline.scraper
2026-07-28T15:57:45.181622Z [info     ] Page 89: 9 articles            layer=bronze module_name=lakehouse.pipeline.scraper
2026-07-28T15:57:45.345692Z [info     ] Page 90: 9 articles            layer=bronze module_name=lakehouse.pipeline.scraper
2026-07-28T15:57:45.512801Z [info     ] Page 91: 9 articles            layer=bronze module_name=lakehouse.pipeline.scraper
2026-07-28T15:57:45.697369Z [info     ] Page 92: 9 articles            layer=bronze module_name=lakehouse.pipeline.scraper
2026-07-28T15:57:45.860646Z [info     ] Page 93: 9 articles            layer=bronze module_name=lakehouse.pipeline.scraper
2026-07-28T15:57:46.036906Z [info     ] Page 94: 9 articles            layer=bronze module_name=lakehouse.pipeline.scraper
2026-07-28T15:57:46.376777Z [info     ] Page 95: 9 articles            layer=bronze module_name=lakehouse.pipeline.scraper
2026-07-28T15:57:46.551174Z [info     ] Page 96: 9 articles            layer=bronze module_name=lakehouse.pipeline.scraper
2026-07-28T15:57:46.722851Z [info     ] Page 97: 9 articles            layer=bronze module_name=lakehouse.pipeline.scraper
2026-07-28T15:57:46.895262Z [info     ] Page 98: 9 articles            layer=bronze module_name=lakehouse.pipeline.scraper
2026-07-28T15:57:47.069192Z [info     ] Page 99: 9 articles            layer=bronze module_name=lakehouse.pipeline.scraper
2026-07-28T15:57:47.252374Z [info     ] Page 100: 9 articles           layer=bronze module_name=lakehouse.pipeline.scraper
2026-07-28T15:57:47.438870Z [info     ] Page 101: 9 articles           layer=bronze module_name=lakehouse.pipeline.scraper
2026-07-28T15:57:47.784102Z [info     ] Page 102: 9 articles           layer=bronze module_name=lakehouse.pipeline.scraper
2026-07-28T15:57:49.068716Z [info     ] Page 103: 9 articles           layer=bronze module_name=lakehouse.pipeline.scraper
2026-07-28T15:57:49.228952Z [info     ] Page 104: 7 articles           layer=bronze module_name=lakehouse.pipeline.scraper
2026-07-28T15:57:49.229486Z [info     ] Total articles collected: 934  layer=bronze module_name=lakehouse.pipeline.scraper
2026-07-28T15:57:49.229736Z [info     ] Artículos encontrados para descargar cantidad=934 layer=bronze module_name=lakehouse.pipeline.ingestion
